Even numbers less than 32 that are not divisible by 3 or 5:
1. 2
2. 4
3. 8
4. 14
5. 16
6. 22
7. 26
I think we're done here.
