Hello, I am going to mod by 0.
*** RUNTIME ERROR ***: Divide by zero in method "hello"
