Prime 1: 2
Prime 2: 3
Prime 3: 5
Prime 4: 7
Prime 5: 11
Prime 6: 13
Prime 7: 17
Prime 8: 19
Prime 9: 23
Prime 10: 29
Prime 11: 31
Prime 12: 37
Prime 13: 41
Prime 14: 43
Prime 15: 47
Prime 16: 53
Prime 17: 59
Prime 18: 61
Prime 19: 67
Prime 20: 71
Prime 21: 73
Prime 22: 79
Prime 23: 83
Prime 24: 89
Prime 25: 97
