true is 1? 1
false is 0? 0
success
success
success
success
success
success
success
success
success
success
17 is divisble by a new prime > 13 (17?)
b is (1?): 1
success 1
success 2
success 3
success 4
success 5
success 6
success 7
success 8
success 9
success 10
success 11
success 12
success 13
success 14
success 15
success 16
success 17
success 18
success 19
success 20
success 21
success 22
success 23
success 24
success 25
success 26
success 27
success 28
success 29
success 30
