Triangle #1: 1
Triangle #2: 3
Triangle #3: 6
Triangle #4: 10
Triangle #5: 15
Triangle #6: 21
Triangle #7: 28
Triangle #8: 36
Triangle #9: 45
Triangle #10: 55
Triangle #11: 66
Triangle #12: 78
Triangle #13: 91
