ASCII CODES!
' ' ( 32):  32
'\''( 39):  39
'\"'( 34):  34
'\t'(  9):   9
'\n'( 10):  10
'~' (126): 126
'\\'( 92):  92
