Hi, I am  1 years old.  > You're too young for a relationship. Come back later.
Hi, I am  2 years old.  > You're too young for a relationship. Come back later.
Hi, I am  3 years old.  > You're too young for a relationship. Come back later.
Hi, I am  4 years old.  > You're too young for a relationship. Come back later.
Hi, I am  5 years old.  > You're too young for a relationship. Come back later.
Hi, I am  6 years old.  > You're too young for a relationship. Come back later.
Hi, I am  7 years old.  > This is creepy for at least one of us. Sorry!
Hi, I am  8 years old.  > This is creepy for at least one of us. Sorry!
Hi, I am  9 years old.  > This is creepy for at least one of us. Sorry!
Hi, I am 10 years old.  > This is creepy for at least one of us. Sorry!
Hi, I am 11 years old.  > This is creepy for at least one of us. Sorry!
Hi, I am 12 years old.  > This is creepy for at least one of us. Sorry!
Hi, I am 13 years old.  > This is creepy for at least one of us. Sorry!
Hi, I am 14 years old.  > This is creepy for at least one of us. Sorry!
Hi, I am 15 years old.  > This is creepy for at least one of us. Sorry!
Hi, I am 16 years old.  > This is creepy for at least one of us. Sorry!
Hi, I am 17 years old.  > This is creepy for at least one of us. Sorry!
Hi, I am 18 years old.  > This is a mutually non-creepy arrangement :)
Hi, I am 19 years old.  > This is a mutually non-creepy arrangement :)
Hi, I am 20 years old.  > This is a mutually non-creepy arrangement :)
Hi, I am 21 years old.  > This is a mutually non-creepy arrangement :)
Hi, I am 22 years old.  > This is a mutually non-creepy arrangement :)
Hi, I am 23 years old.  > This is a mutually non-creepy arrangement :)
Hi, I am 24 years old.  > This is a mutually non-creepy arrangement :)
Hi, I am 25 years old.  > This is a mutually non-creepy arrangement :)
Hi, I am 26 years old.  > This is a mutually non-creepy arrangement :)
Hi, I am 27 years old.  > This is a mutually non-creepy arrangement :)
Hi, I am 28 years old.  > This is creepy for at least one of us. Sorry!
Hi, I am 29 years old.  > This is creepy for at least one of us. Sorry!
Hi, I am 30 years old.  > This is creepy for at least one of us. Sorry!
Hi, I am 31 years old.  > Too old. I think we're done here. Bye.
