Should print:
0 0 0 0 0 0 0 0
Prints:
0 0 0 0 0 0 0 0
Should print:
 0 0 0 0 0 0 0 0 0 0 0 0 0 0 0 0 0 0 0 0 0 0 0 0 0 0
Prints: 
0 0 0 0 0 0 0 0 0 0 0 0 0 0 0 0 0 0 0 0 0 0 0 0 0 0

