Hello, I am going to divide by 0.
*** RUNTIME ERROR ***: Divide by zero in method "hello"
